MPASM  4.02 Released                     MOD_10000_SAYICI.ASM   7-22-2020  9:52:36         PAGE  1


LOC  OBJECT CODE     LINE SOURCE TEXT
  VALUE

                      00001         LIST            p=16f877A 
                      00002         INCLUDE         <p16f877A.inc> 
                      00001         LIST
                      00002 ; P16F877A.INC  Standard Header File, Version 1.00    Microchip Technology, Inc.
                      00398         LIST
                      00003  
  00000020            00004 BIRLER  EQU     20H
  00000021            00005 ONLAR   EQU     21H
  00000022            00006 YUZLER  EQU 22H
  00000023            00007 BINLER  EQU     23H
  00000024            00008 S1              EQU     24H
  00000025            00009 S2              EQU 25H
  00000026            00010 S3              EQU     26H
  00000027            00011 DOKUZ   EQU     27H
                      00012 
0000                  00013         ORG     0x00
0000   2801           00014         GOTO    BASLA
                      00015 
0001                  00016 BASLA
0001   1683 1303      00017         BANKSEL TRISB
Message[302]: Register in operand not in bank 0.  Ensure that bank bits are correct.
0003   0186           00018         CLRF    TRISB
Message[302]: Register in operand not in bank 0.  Ensure that bank bits are correct.
0004   0188           00019         CLRF    TRISD
0005   1283 1303      00020         BANKSEL PORTB
0007   0186           00021         CLRF    PORTB 
0008   0188           00022         CLRF    PORTD
                      00023         
0009   3000           00024         MOVLW   .0
000A   00A3           00025         MOVWF   BINLER
000B   3000           00026         MOVLW   .0
000C   00A2           00027         MOVWF   YUZLER
000D   3000           00028         MOVLW   .0
000E   00A1           00029         MOVWF   ONLAR
000F   3000           00030         MOVLW   .0
0010   00A0           00031         MOVWF   BIRLER
0011   3009           00032         MOVLW   .9
0012   00A7           00033         MOVWF   DOKUZ
                      00034 
0013                  00035 LOOP
0013   2016           00036         CALL    GOSTER 
0014   202B           00037         CALL    ARTIS
0015   2813           00038         GOTO    LOOP
                      00039         
0016                  00040 GOSTER
0016   0823           00041         MOVF    BINLER,W
0017   0088           00042         MOVWF   PORTD
0018   3001           00043         MOVLW   B'00000001'
0019   0086           00044         MOVWF   PORTB
001A   2057           00045         CALL    GECIKME
                      00046         
001B   0822           00047         MOVF    YUZLER,W
001C   0088           00048         MOVWF   PORTD
MPASM  4.02 Released                     MOD_10000_SAYICI.ASM   7-22-2020  9:52:36         PAGE  2


LOC  OBJECT CODE     LINE SOURCE TEXT
  VALUE

001D   3002           00049         MOVLW   B'00000010'
001E   0086           00050         MOVWF   PORTB
001F   2057           00051         CALL    GECIKME
                      00052         
0020   0821           00053         MOVF    ONLAR,W
0021   0088           00054         MOVWF   PORTD
0022   3004           00055         MOVLW   B'00000100'
0023   0086           00056         MOVWF   PORTB
0024   2057           00057         CALL    GECIKME
                      00058         
0025   0820           00059         MOVF    BIRLER,W
0026   0088           00060         MOVWF   PORTD
0027   3008           00061         MOVLW   B'00001000'
0028   0086           00062         MOVWF   PORTB
0029   2057           00063         CALL    GECIKME
002A   0008           00064         RETURN
                      00065 
002B                  00066 ARTIS
002B   0AA0           00067         INCF    BIRLER,1
002C   282E           00068         GOTO    KONTROL_ONLAR
002D   0008           00069         RETURN
                      00070 
002E                  00071 KONTROL_ONLAR
002E   1003           00072         BCF             STATUS,C
002F   0820           00073         MOVF    BIRLER,W
0030   0227           00074         SUBWF   DOKUZ,W 
0031   1C03           00075         BTFSS   STATUS,C
0032   2834           00076         GOTO    ONLUK_ARTIS
0033   0008           00077         RETURN
                      00078 
0034                  00079 ONLUK_ARTIS
0034   3000           00080         MOVLW   .0
0035   00A0           00081         MOVWF   BIRLER
0036   0AA1           00082         INCF    ONLAR,1
0037   2839           00083         GOTO    KONTROL_YUZLER
0038   0008           00084         RETURN
                      00085 
0039                  00086 KONTROL_YUZLER
0039   1003           00087         BCF             STATUS,C
003A   0821           00088         MOVF    ONLAR,W
003B   0227           00089         SUBWF   DOKUZ,W
003C   1C03           00090         BTFSS   STATUS,C
003D   283F           00091         GOTO    YUZLER_ARTIR
003E   0008           00092         RETURN  
                      00093 
003F                  00094 YUZLER_ARTIR
003F   3000           00095         MOVLW   .0
0040   00A1           00096         MOVWF   ONLAR
0041   0AA2           00097         INCF    YUZLER,1
0042   2844           00098         GOTO    KONTROL_BINLER
0043   0008           00099         RETURN
                      00100 
0044                  00101 KONTROL_BINLER
MPASM  4.02 Released                     MOD_10000_SAYICI.ASM   7-22-2020  9:52:36         PAGE  3


LOC  OBJECT CODE     LINE SOURCE TEXT
  VALUE

0044   1003           00102         BCF             STATUS,C
0045   0822           00103         MOVF    YUZLER,W
0046   0227           00104         SUBWF   DOKUZ,W
0047   1C03           00105         BTFSS   STATUS,C
0048   284A           00106         GOTO    BINLER_ARTIR
0049   0008           00107         RETURN  
                      00108 
004A                  00109 BINLER_ARTIR
004A   3000           00110         MOVLW   .0
004B   00A2           00111         MOVWF   YUZLER
Message[305]: Using default destination of 1 (file).
004C   0AA3           00112         INCF    BINLER
004D   284E           00113         GOTO    KONTROL_BINLER2
                      00114 
004E                  00115 KONTROL_BINLER2
004E   1003           00116         BCF             STATUS,C
004F   0823           00117         MOVF    BINLER,W
0050   0227           00118         SUBWF   DOKUZ,W
0051   1C03           00119         BTFSS   STATUS,C
0052   2854           00120         GOTO    SIFIRLA
0053   0008           00121         RETURN
                      00122 
0054                  00123 SIFIRLA
0054   3000           00124         MOVLW   .0
0055   00A3           00125         MOVWF   BINLER
0056   0008           00126         RETURN
                      00127 
0057                  00128 GECIKME
0057   300A           00129         MOVLW   .10
0058   00A4           00130         MOVWF   S1      
0059                  00131 GECIKME1
0059   3032           00132         MOVLW   .50
005A   00A5           00133         MOVWF   S2
005B                  00134 GECIKME2
005B   3032           00135         MOVLW   .50
005C   00A6           00136         MOVWF   S3
005D                  00137 GECIKME3
005D   0BA6           00138         DECFSZ  S3,F
005E   285D           00139         GOTO    GECIKME3
005F   0BA5           00140         DECFSZ  S2,F
0060   285B           00141         GOTO    GECIKME2
0061   0BA4           00142         DECFSZ  S1,F
0062   2859           00143         GOTO    GECIKME1
0063   0008           00144         RETURN
                      00145         END
MPASM  4.02 Released                     MOD_10000_SAYICI.ASM   7-22-2020  9:52:36         PAGE  4


SYMBOL TABLE
  LABEL                             VALUE 

ACKDT                             00000005
ACKEN                             00000004
ACKSTAT                           00000006
ADCON0                            0000001F
ADCON1                            0000009F
ADCS0                             00000006
ADCS1                             00000007
ADDEN                             00000003
ADFM                              00000007
ADIE                              00000006
ADIF                              00000006
ADON                              00000000
ADRESH                            0000001E
ADRESL                            0000009E
ARTIS                             0000002B
BASLA                             00000001
BCLIE                             00000003
BCLIF                             00000003
BF                                00000000
BINLER                            00000023
BINLER_ARTIR                      0000004A
BIRLER                            00000020
BRGH                              00000002
C                                 00000000
C1INV                             00000004
C1OUT                             00000006
C2INV                             00000005
C2OUT                             00000007
CCP1CON                           00000017
CCP1IE                            00000002
CCP1IF                            00000002
CCP1M0                            00000000
CCP1M1                            00000001
CCP1M2                            00000002
CCP1M3                            00000003
CCP1X                             00000005
CCP1Y                             00000004
CCP2CON                           0000001D
CCP2IE                            00000000
CCP2IF                            00000000
CCP2M0                            00000000
CCP2M1                            00000001
CCP2M2                            00000002
CCP2M3                            00000003
CCP2X                             00000005
CCP2Y                             00000004
CCPR1H                            00000016
CCPR1L                            00000015
CCPR2H                            0000001C
CCPR2L                            0000001B
CHS0                              00000003
CHS1                              00000004
CHS2                              00000005
MPASM  4.02 Released                     MOD_10000_SAYICI.ASM   7-22-2020  9:52:36         PAGE  5


SYMBOL TABLE
  LABEL                             VALUE 

CIS                               00000003
CKE                               00000006
CKP                               00000004
CM0                               00000000
CM1                               00000001
CM2                               00000002
CMCON                             0000009C
CMIE                              00000006
CMIF                              00000006
CREN                              00000004
CSRC                              00000007
CVR0                              00000000
CVR1                              00000001
CVR2                              00000002
CVR3                              00000003
CVRCON                            0000009D
CVREN                             00000007
CVROE                             00000006
CVRR                              00000005
D                                 00000005
DATA_ADDRESS                      00000005
DC                                00000001
DOKUZ                             00000027
D_A                               00000005
EEADR                             0000010D
EEADRH                            0000010F
EECON1                            0000018C
EECON2                            0000018D
EEDATA                            0000010C
EEDATH                            0000010E
EEIE                              00000004
EEIF                              00000004
EEPGD                             00000007
F                                 00000001
FERR                              00000002
FSR                               00000004
GCEN                              00000007
GECIKME                           00000057
GECIKME1                          00000059
GECIKME2                          0000005B
GECIKME3                          0000005D
GIE                               00000007
GO                                00000002
GOSTER                            00000016
GO_DONE                           00000002
I2C_DATA                          00000005
I2C_READ                          00000002
I2C_START                         00000003
I2C_STOP                          00000004
IBF                               00000007
IBOV                              00000005
INDF                              00000000
INTCON                            0000000B
MPASM  4.02 Released                     MOD_10000_SAYICI.ASM   7-22-2020  9:52:36         PAGE  6


SYMBOL TABLE
  LABEL                             VALUE 

INTE                              00000004
INTEDG                            00000006
INTF                              00000001
IRP                               00000007
KONTROL_BINLER                    00000044
KONTROL_BINLER2                   0000004E
KONTROL_ONLAR                     0000002E
KONTROL_YUZLER                    00000039
LOOP                              00000013
NOT_A                             00000005
NOT_ADDRESS                       00000005
NOT_BO                            00000000
NOT_BOR                           00000000
NOT_DONE                          00000002
NOT_PD                            00000003
NOT_POR                           00000001
NOT_RBPU                          00000007
NOT_RC8                           00000006
NOT_T1SYNC                        00000002
NOT_TO                            00000004
NOT_TX8                           00000006
NOT_W                             00000002
NOT_WRITE                         00000002
OBF                               00000006
OERR                              00000001
ONLAR                             00000021
ONLUK_ARTIS                       00000034
OPTION_REG                        00000081
P                                 00000004
PCFG0                             00000000
PCFG1                             00000001
PCFG2                             00000002
PCFG3                             00000003
PCL                               00000002
PCLATH                            0000000A
PCON                              0000008E
PEIE                              00000006
PEN                               00000002
PIE1                              0000008C
PIE2                              0000008D
PIR1                              0000000C
PIR2                              0000000D
PORTA                             00000005
PORTB                             00000006
PORTC                             00000007
PORTD                             00000008
PORTE                             00000009
PR2                               00000092
PS0                               00000000
PS1                               00000001
PS2                               00000002
PSA                               00000003
PSPIE                             00000007
MPASM  4.02 Released                     MOD_10000_SAYICI.ASM   7-22-2020  9:52:36         PAGE  7


SYMBOL TABLE
  LABEL                             VALUE 

PSPIF                             00000007
PSPMODE                           00000004
R                                 00000002
RBIE                              00000003
RBIF                              00000000
RC8_9                             00000006
RC9                               00000006
RCD8                              00000000
RCEN                              00000003
RCIE                              00000005
RCIF                              00000005
RCREG                             0000001A
RCSTA                             00000018
RD                                00000000
READ_WRITE                        00000002
RP0                               00000005
RP1                               00000006
RSEN                              00000001
RX9                               00000006
RX9D                              00000000
R_W                               00000002
S                                 00000003
S1                                00000024
S2                                00000025
S3                                00000026
SEN                               00000000
SIFIRLA                           00000054
SMP                               00000007
SPBRG                             00000099
SPEN                              00000007
SREN                              00000005
SSPADD                            00000093
SSPBUF                            00000013
SSPCON                            00000014
SSPCON2                           00000091
SSPEN                             00000005
SSPIE                             00000003
SSPIF                             00000003
SSPM0                             00000000
SSPM1                             00000001
SSPM2                             00000002
SSPM3                             00000003
SSPOV                             00000006
SSPSTAT                           00000094
STATUS                            00000003
SYNC                              00000004
T0CS                              00000005
T0IE                              00000005
T0IF                              00000002
T0SE                              00000004
T1CKPS0                           00000004
T1CKPS1                           00000005
T1CON                             00000010
MPASM  4.02 Released                     MOD_10000_SAYICI.ASM   7-22-2020  9:52:36         PAGE  8


SYMBOL TABLE
  LABEL                             VALUE 

T1INSYNC                          00000002
T1OSCEN                           00000003
T1SYNC                            00000002
T2CKPS0                           00000000
T2CKPS1                           00000001
T2CON                             00000012
TMR0                              00000001
TMR0IE                            00000005
TMR0IF                            00000002
TMR1CS                            00000001
TMR1H                             0000000F
TMR1IE                            00000000
TMR1IF                            00000000
TMR1L                             0000000E
TMR1ON                            00000000
TMR2                              00000011
TMR2IE                            00000001
TMR2IF                            00000001
TMR2ON                            00000002
TOUTPS0                           00000003
TOUTPS1                           00000004
TOUTPS2                           00000005
TOUTPS3                           00000006
TRISA                             00000085
TRISB                             00000086
TRISC                             00000087
TRISD                             00000088
TRISE                             00000089
TRISE0                            00000000
TRISE1                            00000001
TRISE2                            00000002
TRMT                              00000001
TX8_9                             00000006
TX9                               00000006
TX9D                              00000000
TXD8                              00000000
TXEN                              00000005
TXIE                              00000004
TXIF                              00000004
TXREG                             00000019
TXSTA                             00000098
UA                                00000001
W                                 00000000
WCOL                              00000007
WR                                00000001
WREN                              00000002
WRERR                             00000003
YUZLER                            00000022
YUZLER_ARTIR                      0000003F
Z                                 00000002
_BODEN_OFF                        00003FBF
_BODEN_ON                         00003FFF
_CPD_OFF                          00003FFF
MPASM  4.02 Released                     MOD_10000_SAYICI.ASM   7-22-2020  9:52:36         PAGE  9


SYMBOL TABLE
  LABEL                             VALUE 

_CPD_ON                           00003EFF
_CP_ALL                           00001FFF
_CP_OFF                           00003FFF
_DEBUG_OFF                        00003FFF
_DEBUG_ON                         000037FF
_HS_OSC                           00003FFE
_LP_OSC                           00003FFC
_LVP_OFF                          00003F7F
_LVP_ON                           00003FFF
_PWRTE_OFF                        00003FFF
_PWRTE_ON                         00003FF7
_RC_OSC                           00003FFF
_WDT_OFF                          00003FFB
_WDT_ON                           00003FFF
_WRT_1FOURTH                      00003BFF
_WRT_256                          00003DFF
_WRT_HALF                         000039FF
_WRT_OFF                          00003FFF
_XT_OSC                           00003FFD
__16F877A                         00000001


MEMORY USAGE MAP ('X' = Used,  '-' = Unused)

0000 : XXXXXXXXXXXXXXXX XXXXXXXXXXXXXXXX XXXXXXXXXXXXXXXX XXXXXXXXXXXXXXXX
0040 : XXXXXXXXXXXXXXXX XXXXXXXXXXXXXXXX XXXX------------ ----------------

All other memory blocks unused.

Program Memory Words Used:   100
Program Memory Words Free:  8092


Errors   :     0
Warnings :     0 reported,     0 suppressed
Messages :     3 reported,     0 suppressed

