MPLINK 4.49, Linker
Linker Map File - Created Mon Nov 11 18:36:55 2019

                                 Section Info
                  Section       Type    Address   Location Size(Bytes)
                ---------  ---------  ---------  ---------  ---------
                   .org_0       code   0x000000    program   0x000000
                   .org_1       code   0x000000    program   0x000002
                   .org_2       code   0x000004    program   0x0000e4
     .config_2007_ODEV3.O       code   0x002007    program   0x000002



                              Program Memory Usage 
                               Start         End      
                           ---------   ---------      
                            0x000000    0x000000      
                            0x000004    0x000075      
                            0x002007    0x002007      
            116 out of 8454 program addresses used, program memory utilization is 1%



                              Symbols - Sorted by Name
                     Name    Address   Location    Storage File                     
                ---------  ---------  ---------  --------- ---------                
                    BASLA   0x000039    program     static C:\Users\Yusuf KORKMAZ\Desktop\MPLAB Proje\ODEV3\ODEV3.asm
              BIR_SN_OLDU   0x000067    program     static C:\Users\Yusuf KORKMAZ\Desktop\MPLAB Proje\ODEV3\ODEV3.asm
                    DEVAM   0x000014    program     static C:\Users\Yusuf KORKMAZ\Desktop\MPLAB Proje\ODEV3\ODEV3.asm
                    DONGU   0x00004a    program     static C:\Users\Yusuf KORKMAZ\Desktop\MPLAB Proje\ODEV3\ODEV3.asm
                   DONGU1   0x000051    program     static C:\Users\Yusuf KORKMAZ\Desktop\MPLAB Proje\ODEV3\ODEV3.asm
                   DONGU2   0x000053    program     static C:\Users\Yusuf KORKMAZ\Desktop\MPLAB Proje\ODEV3\ODEV3.asm
                  GECIKME   0x00004f    program     static C:\Users\Yusuf KORKMAZ\Desktop\MPLAB Proje\ODEV3\ODEV3.asm
             KATOT_LOOKUP   0x00001b    program     static C:\Users\Yusuf KORKMAZ\Desktop\MPLAB Proje\ODEV3\ODEV3.asm
                    KESME   0x000005    program     static C:\Users\Yusuf KORKMAZ\Desktop\MPLAB Proje\ODEV3\ODEV3.asm
                onAYARLAR   0x000026    program     static C:\Users\Yusuf KORKMAZ\Desktop\MPLAB Proje\ODEV3\ODEV3.asm
                   sagYAK   0x000058    program     static C:\Users\Yusuf KORKMAZ\Desktop\MPLAB Proje\ODEV3\ODEV3.asm
                   solYAK   0x000061    program     static C:\Users\Yusuf KORKMAZ\Desktop\MPLAB Proje\ODEV3\ODEV3.asm



                              Symbols - Sorted by Address
                     Name    Address   Location    Storage File                     
                ---------  ---------  ---------  --------- ---------                
                    KESME   0x000005    program     static C:\Users\Yusuf KORKMAZ\Desktop\MPLAB Proje\ODEV3\ODEV3.asm
                    DEVAM   0x000014    program     static C:\Users\Yusuf KORKMAZ\Desktop\MPLAB Proje\ODEV3\ODEV3.asm
             KATOT_LOOKUP   0x00001b    program     static C:\Users\Yusuf KORKMAZ\Desktop\MPLAB Proje\ODEV3\ODEV3.asm
                onAYARLAR   0x000026    program     static C:\Users\Yusuf KORKMAZ\Desktop\MPLAB Proje\ODEV3\ODEV3.asm
                    BASLA   0x000039    program     static C:\Users\Yusuf KORKMAZ\Desktop\MPLAB Proje\ODEV3\ODEV3.asm
                    DONGU   0x00004a    program     static C:\Users\Yusuf KORKMAZ\Desktop\MPLAB Proje\ODEV3\ODEV3.asm
                  GECIKME   0x00004f    program     static C:\Users\Yusuf KORKMAZ\Desktop\MPLAB Proje\ODEV3\ODEV3.asm
                   DONGU1   0x000051    program     static C:\Users\Yusuf KORKMAZ\Desktop\MPLAB Proje\ODEV3\ODEV3.asm
                   DONGU2   0x000053    program     static C:\Users\Yusuf KORKMAZ\Desktop\MPLAB Proje\ODEV3\ODEV3.asm
                   sagYAK   0x000058    program     static C:\Users\Yusuf KORKMAZ\Desktop\MPLAB Proje\ODEV3\ODEV3.asm
                   solYAK   0x000061    program     static C:\Users\Yusuf KORKMAZ\Desktop\MPLAB Proje\ODEV3\ODEV3.asm
              BIR_SN_OLDU   0x000067    program     static C:\Users\Yusuf KORKMAZ\Desktop\MPLAB Proje\ODEV3\ODEV3.asm


